// Jest Snapshot v1, https://goo.gl/fbAQLP

exports[`Comments Component renders correctly 1`] = `
ShallowWrapper {
  "length": 1,
  Symbol(enzyme.__root__): [Circular],
  Symbol(enzyme.__unrendered__): <Comments
    comments={Array []}
/>,
  Symbol(enzyme.__renderer__): Object {
    "batchedUpdates": [Function],
    "getNode": [Function],
    "render": [Function],
    "simulateEvent": [Function],
    "unmount": [Function],
  },
  Symbol(enzyme.__node__): Object {
    "instance": null,
    "key": undefined,
    "nodeType": "host",
    "props": Object {
      "children": Array [
        <div
          className="comments-header"
>
          <span
                    className="comments-header-title"
          >
                    Comments
          </span>
</div>,
        <div
          className="comments-list"
>
          
</div>,
        <withRouter(Connect(CommentsFormContainer)) />,
      ],
      "className": "comments",
    },
    "ref": null,
    "rendered": Array [
      Object {
        "instance": null,
        "key": undefined,
        "nodeType": "host",
        "props": Object {
          "children": <span
            className="comments-header-title"
>
            Comments
</span>,
          "className": "comments-header",
        },
        "ref": null,
        "rendered": Object {
          "instance": null,
          "key": undefined,
          "nodeType": "host",
          "props": Object {
            "children": "Comments",
            "className": "comments-header-title",
          },
          "ref": null,
          "rendered": "Comments",
          "type": "span",
        },
        "type": "div",
      },
      Object {
        "instance": null,
        "key": undefined,
        "nodeType": "host",
        "props": Object {
          "children": Array [],
          "className": "comments-list",
        },
        "ref": null,
        "rendered": Array [],
        "type": "div",
      },
      Object {
        "instance": null,
        "key": undefined,
        "nodeType": "function",
        "props": Object {},
        "ref": null,
        "rendered": null,
        "type": [Function],
      },
    ],
    "type": "div",
  },
  Symbol(enzyme.__nodes__): Array [
    Object {
      "instance": null,
      "key": undefined,
      "nodeType": "host",
      "props": Object {
        "children": Array [
          <div
            className="comments-header"
>
            <span
                        className="comments-header-title"
            >
                        Comments
            </span>
</div>,
          <div
            className="comments-list"
>
            
</div>,
          <withRouter(Connect(CommentsFormContainer)) />,
        ],
        "className": "comments",
      },
      "ref": null,
      "rendered": Array [
        Object {
          "instance": null,
          "key": undefined,
          "nodeType": "host",
          "props": Object {
            "children": <span
              className="comments-header-title"
>
              Comments
</span>,
            "className": "comments-header",
          },
          "ref": null,
          "rendered": Object {
            "instance": null,
            "key": undefined,
            "nodeType": "host",
            "props": Object {
              "children": "Comments",
              "className": "comments-header-title",
            },
            "ref": null,
            "rendered": "Comments",
            "type": "span",
          },
          "type": "div",
        },
        Object {
          "instance": null,
          "key": undefined,
          "nodeType": "host",
          "props": Object {
            "children": Array [],
            "className": "comments-list",
          },
          "ref": null,
          "rendered": Array [],
          "type": "div",
        },
        Object {
          "instance": null,
          "key": undefined,
          "nodeType": "function",
          "props": Object {},
          "ref": null,
          "rendered": null,
          "type": [Function],
        },
      ],
      "type": "div",
    },
  ],
  Symbol(enzyme.__options__): Object {
    "adapter": ReactSixteenAdapter {
      "options": Object {
        "enableComponentDidUpdateOnSetState": true,
      },
    },
  },
}
`;
